I'm sorry, but errors were detected in your script. Please correct the
errors listed below, and try again.


File "game/free_time.rpy", line 168: u'hide' is not a keyword argument or valid child for the button statement.
    hide classroom2
        ^

Ren'Py Version: Ren'Py 7.3.2.320
Mon Sep 30 09:33:43 2019
